// Vitest Snapshot v1, https://vitest.dev/guide/snapshot.html

exports[`BrandCarousel component > should render correctly 1`] = `
<div>
  <div
    class="carousel slide"
  >
    <div
      class="carousel-indicators"
    >
      <button
        aria-current="true"
        aria-label="Slide 1"
        class="active"
        data-bs-target=""
        type="button"
      />
      <button
        aria-current="false"
        aria-label="Slide 2"
        data-bs-target=""
        type="button"
      />
    </div>
    <div
      class="carousel-inner"
    >
      <div
        class="active carousel-item"
      >
        <div
          class="justify-content-center row"
        >
          <div
            class="col"
          >
            <img
              alt="Brand logo 1"
              class="d-block px-3"
              src="/images/microsoft.svg"
              style="filter: grayscale(100%); opacity: 0.7; max-height: 4em; margin: 1rem auto;"
            />
          </div>
          <div
            class="col"
          >
            <img
              alt="Brand logo 2"
              class="d-block px-3"
              src="/images/ibm-logo.png"
              style="filter: grayscale(100%); opacity: 0.7; max-height: 4em; margin: 1rem auto;"
            />
          </div>
          <div
            class="col"
          >
            <img
              alt="Brand logo 3"
              class="d-block px-3"
              src="/images/bloomberg.svg"
              style="filter: grayscale(100%); opacity: 0.7; max-height: 4em; margin: 1rem auto;"
            />
          </div>
          <div
            class="col"
          >
            <img
              alt="Brand logo 4"
              class="d-block px-3"
              src="/images/huawei.svg"
              style="filter: grayscale(100%); opacity: 0.7; max-height: 4em; margin: 1rem auto;"
            />
          </div>
          <div
            class="col"
          >
            <img
              alt="Brand logo 5"
              class="d-block px-3"
              src="/images/macstadium.png"
              style="filter: grayscale(100%); opacity: 0.7; max-height: 4em; margin: 1rem auto;"
            />
          </div>
          <div
            class="col"
          >
            <img
              alt="Brand logo 6"
              class="d-block px-3"
              src="/images/redhat.svg"
              style="filter: grayscale(100%); opacity: 0.7; max-height: 4em; margin: 1rem auto;"
            />
          </div>
        </div>
      </div>
      <div
        class="carousel-item"
      >
        <div
          class="justify-content-center row"
        >
          <div
            class="col"
          >
            <img
              alt="Brand logo 7"
              class="d-block px-3"
              src="/images/google.svg"
              style="filter: grayscale(100%); opacity: 0.7; max-height: 4em; margin: 1rem auto;"
            />
          </div>
          <div
            class="col"
          >
            <img
              alt="Brand logo 8"
              class="d-block px-3"
              src="/images/microsoft.svg"
              style="filter: grayscale(100%); opacity: 0.7; max-height: 4em; margin: 1rem auto;"
            />
          </div>
          <div
            class="col"
          >
            <img
              alt="Brand logo 9"
              class="d-block px-3"
              src="/images/ibm-logo.png"
              style="filter: grayscale(100%); opacity: 0.7; max-height: 4em; margin: 1rem auto;"
            />
          </div>
          <div
            class="col"
          >
            <img
              alt="Brand logo 10"
              class="d-block px-3"
              src="/images/bloomberg.svg"
              style="filter: grayscale(100%); opacity: 0.7; max-height: 4em; margin: 1rem auto;"
            />
          </div>
          <div
            class="col"
          >
            <img
              alt="Brand logo 11"
              class="d-block px-3"
              src="/images/huawei.svg"
              style="filter: grayscale(100%); opacity: 0.7; max-height: 4em; margin: 1rem auto;"
            />
          </div>
          <div
            class="col"
          >
            <img
              alt="Brand logo 12"
              class="d-block px-3"
              src="/images/macstadium.png"
              style="filter: grayscale(100%); opacity: 0.7; max-height: 4em; margin: 1rem auto;"
            />
          </div>
        </div>
      </div>
    </div>
  </div>
</div>
`;
